# TODO: Issue: 53062
.*TensorIterator_1195103.*
.*TensorIterator_1195129.*
.*TensorIterator_1653010.*
.*TensorIterator_199835.*
.*TensorIterator_303641.*
.*TensorIterator_303667.*
.*TensorIterator_337260.*
.*TensorIterator_362846.*
.*TensorIterator_362869.*
.*TensorIterator_362906.*
.*TensorIterator_365496.*
.*TensorIterator_365522.*
.*TensorIterator_365556.*
.*TensorIterator_365579.*
.*TensorIterator_616544.*
.*TensorIterator_616570.*
.*TensorIterator_864978.*
.*TensorIterator_865004.*
.*TensorIterator_865030.*
.*TensorIterator_865056.*
.*TensorIterator_865082.*
.*TensorIterator_865108.*
.*TensorIterator_972832.*
.*TensorIterator_972858.*
.*TensorIterator_972884.*
.*TensorIterator_972910.*
.*TensorIterator_972936.*
.*TensorIterator_972962.*
.*TensorIterator_972988.*
.*TensorIterator_973014.*
.*TensorIterator_1194007.*
.*TensorIterator_1194033.*
.*TensorIterator_302500.*
.*TensorIterator_337024.*
.*TensorIterator_361044.*
.*TensorIterator_361067.*
.*TensorIterator_361108.*
.*TensorIterator_361131.*
.*TensorIterator_364171.*
.*TensorIterator_364197.*
.*TensorIterator_364231.*
.*TensorIterator_364254.*
.*TensorIterator_615626.*
.*TensorIterator_615652.*
.*TensorIterator_865760.*
.*TensorIterator_865812.*
.*TensorIterator_865838.*
.*TensorIterator_865864.*
.*TensorIterator_973781.*
.*TensorIterator_973807.*

# Hung:
.*AvgPool_1199829.*
.*AvgPool_1201153.*
.*GroupConvolution_330567.*
.*ROIPooling_1199827.*
.*MaxPool_43108.*

